#-----------------------------------------------------------
# Vivado v2025.1 (64-bit)
# SW Build 6140274 on Thu May 22 00:12:29 MDT 2025
# IP Build 6138677 on Thu May 22 03:10:11 MDT 2025
# SharedData Build 6139179 on Tue May 20 17:58:58 MDT 2025
# Start of session at: Thu Jul 17 18:47:23 2025
# Process ID         : 2428
# Current directory  : C:/Users/RUPESH KUMAR GOSWAMI/project_3/project_3.runs/synth_1
# Command line       : vivado.exe -log spi_slave_select.vds -product Vivado -mode batch -messageDb vivado.pb -notrace -source spi_slave_select.tcl
# Log file           : C:/Users/RUPESH KUMAR GOSWAMI/project_3/project_3.runs/synth_1/spi_slave_select.vds
# Journal file       : C:/Users/RUPESH KUMAR GOSWAMI/project_3/project_3.runs/synth_1\vivado.jou
# Running On         : Rupesh
# Platform           : Windows Server 2016 or Windows 10
# Operating System   : 26100
# Processor Detail   : 12th Gen Intel(R) Core(TM) i5-1235U
# CPU Frequency      : 2496 MHz
# CPU Physical cores : 10
# CPU Logical cores  : 12
# Host memory        : 8260 MB
# Swap memory        : 9155 MB
# Total Virtual      : 17415 MB
# Available Virtual  : 1797 MB
#-----------------------------------------------------------
source spi_slave_select.tcl -notrace
